4D:ec FOUND: 0
a5xLh NOT FOUND :(
s8a NOT FOUND :(
